{
  "v1": {
    "config": {},
    "upstream": "staging.replicated.app/some-cool-ci-tool?installation_id=mTYFJCyJsJIC82QbUTSMmfmttVYCKAzl&customer_id=-Am-_6i5pw0u4AbspOwKN4lZUCn49u_G",
    "contentSHA": "c8bbe58c7ee51e7185d42b717a6465cd3d9ec1b9f8eccda20f112fe54c155d3e",
    "metadata": {
      "customerID": "-Am-_6i5pw0u4AbspOwKN4lZUCn49u_G",
      "installationID": "mTYFJCyJsJIC82QbUTSMmfmttVYCKAzl",
      "version": "1.0.1-SNAPSHOT"
    }
  }
}
