{
  "v1": {
    "config": {
      "cluster": "Ovarb",
      "environment": "Epsilon",
      "namespace": "Alpha",
      "scheduler": ""
    },
    "contentSHA": "377deb7eccf40c1fede60b7db73c69ba57f28eed0cfe0fdbb8cbe11ced3f64e4",
    "metadata": {
      "customerID": "-Am-_6i5pw0u4AbspOwKN4lZUCn49u_G",
      "installationID": "PYRBRKHcTSbMPFJqz3a_82p_kR00DPdz",
      "version": "0.1.4"
    }
  }
}