# nginx helm chart rendering example, using k8s.io/helm/docs/examples/nginx
---
assets:
  v1:
  - inline:
      contents: |
        this exists to create the charts directory
        it should be removed when that bug is resolved
      dest: ./charts/mkdir.sh
      mode: 0777
  - helm:
      dest: charts/rendered
      helm_ref:
        chart_ref: stable/mysql
        version: "0.8.3"
config: {}
lifecycle:
  v1:
  - render: {}
