{"v1":{"config":{"gce_project":"replicated-qa","gce_region":"us-central1","gce_zone":"us-central1-a"}}}