{
  "v1": {
    "config": {},
    "upstream": "staging.replicated.app/some-cool-ci-tool?installation_id=3Z6uuPbVz6jTxRuXHn_l6UlYQz3hWz6-&customer_id=-Am-_6i5pw0u4AbspOwKN4lZUCn49u_G",
    "metadata": {
      "customerID": "-Am-_6i5pw0u4AbspOwKN4lZUCn49u_G",
      "installationID": "3Z6uuPbVz6jTxRuXHn_l6UlYQz3hWz6-",
      "version": "1.0.0-SNAPSHOT"
    }
  }
}
